"","x","y","label","colour"
"1","MDS1","MDS2","label","mydata_num$classification"
